---
source: valhalla-microservice/src/result.rs
expression: reesult_utf8
---
HTTP/1.1 200 OK
content-type: application/json;charset=utf-8
content-length: 238
access-control-allow-origin: *

{"version":"3.5.1","tileset_last_modified":1756439278,"available_actions":["status","centroid","expansion","transit_available","trace_attributes","trace_route","isochrone","optimized_route","sources_to_targets","height","route","locate"]}
