---
source: valhalla-graphtile/src/graph_tile/admin.rs
expression: "tile.admins.iter().map(|admin| admin.country_iso()).collect::<Vec<_>>()"
---
[
    "",
    "AD",
    "ES",
    "FR",
]
