---
source: valhalla-graphtile/src/graph_tile.rs
expression: first_edge_info.get_names()
---
[]
